2026-02-27 02:46:53.248980: I tensorflow/core/util/port.cc:153] oneDNN custom operations are on. You may see slightly different numerical results due to floating-point round-off errors from different computation orders. To turn them off, set the environment variable `TF_ENABLE_ONEDNN_OPTS=0`.
2026-02-27 02:46:58.440315: I tensorflow/core/util/port.cc:153] oneDNN custom operations are on. You may see slightly different numerical results due to floating-point round-off errors from different computation orders. To turn them off, set the environment variable `TF_ENABLE_ONEDNN_OPTS=0`.
Error enriching prediction: 'OddsApiService' object has no attribute 'get_odds'
Error enriching prediction: 'OddsApiService' object has no attribute 'get_odds'
Error enriching prediction: 'OddsApiService' object has no attribute 'get_odds'
Error enriching prediction: 'OddsApiService' object has no attribute 'get_odds'
Error enriching prediction: 'OddsApiService' object has no attribute 'get_odds'
Error enriching prediction: 'OddsApiService' object has no attribute 'get_odds'
Error enriching prediction: 'OddsApiService' object has no attribute 'get_odds'
Error enriching prediction: 'OddsApiService' object has no attribute 'get_odds'
Error enriching prediction: 'OddsApiService' object has no attribute 'get_odds'
Error enriching prediction: 'OddsApiService' object has no attribute 'get_odds'
Error enriching prediction: 'OddsApiService' object has no attribute 'get_odds'
Error enriching prediction: 'OddsApiService' object has no attribute 'get_odds'
Error enriching prediction: 'OddsApiService' object has no attribute 'get_odds'
Error enriching prediction: 'OddsApiService' object has no attribute 'get_odds'
Error enriching prediction: 'OddsApiService' object has no attribute 'get_odds'
Error enriching prediction: 'OddsApiService' object has no attribute 'get_odds'
Error enriching prediction: 'OddsApiService' object has no attribute 'get_odds'
Error enriching prediction: 'OddsApiService' object has no attribute 'get_odds'
Error enriching prediction: 'OddsApiService' object has no attribute 'get_odds'
Error enriching prediction: 'OddsApiService' object has no attribute 'get_odds'
Error enriching prediction: 'OddsApiService' object has no attribute 'get_odds'
Error enriching prediction: 'OddsApiService' object has no attribute 'get_odds'
Error enriching prediction: 'OddsApiService' object has no attribute 'get_odds'
Error enriching prediction: 'OddsApiService' object has no attribute 'get_odds'
Error enriching prediction: 'OddsApiService' object has no attribute 'get_odds'
Error enriching prediction: 'OddsApiService' object has no attribute 'get_odds'
Error enriching prediction: 'OddsApiService' object has no attribute 'get_odds'
Error enriching prediction: 'OddsApiService' object has no attribute 'get_odds'
Error enriching prediction: 'OddsApiService' object has no attribute 'get_odds'
Error enriching prediction: 'OddsApiService' object has no attribute 'get_odds'
Error enriching prediction: 'OddsApiService' object has no attribute 'get_odds'
Error enriching prediction: 'OddsApiService' object has no attribute 'get_odds'
Error enriching prediction: 'OddsApiService' object has no attribute 'get_odds'
Error enriching prediction: 'OddsApiService' object has no attribute 'get_odds'
Error enriching prediction: 'OddsApiService' object has no attribute 'get_odds'
Error enriching prediction: 'OddsApiService' object has no attribute 'get_odds'
Error enriching prediction: 'OddsApiService' object has no attribute 'get_odds'
Error enriching prediction: 'OddsApiService' object has no attribute 'get_odds'
Error enriching prediction: 'OddsApiService' object has no attribute 'get_odds'
Error enriching prediction: 'OddsApiService' object has no attribute 'get_odds'
Error enriching prediction: 'OddsApiService' object has no attribute 'get_odds'
Error enriching prediction: 'OddsApiService' object has no attribute 'get_odds'
Error enriching prediction: 'OddsApiService' object has no attribute 'get_odds'
Error enriching prediction: 'OddsApiService' object has no attribute 'get_odds'
Error enriching prediction: 'OddsApiService' object has no attribute 'get_odds'
Error enriching prediction: 'OddsApiService' object has no attribute 'get_odds'
Error enriching prediction: 'OddsApiService' object has no attribute 'get_odds'
Error enriching prediction: 'OddsApiService' object has no attribute 'get_odds'
Error enriching prediction: 'OddsApiService' object has no attribute 'get_odds'
Error enriching prediction: 'OddsApiService' object has no attribute 'get_odds'
Testing get_predictions...
Found 5 predictions
Sample: Cleveland Cavaliers @ Detroit Pistons - unknown
